
ErrNo: 2
 TEXT: require_once(cms_functions.php) [<a href='function.require-once'>function.require-once</a>]: failed to open stream: No such file or directory
 LOCATION: C:\wamp\www\cms\business\DirCreator.class.php
 LINE: 4 atJuly 20, 2013, 9:56:pm Showing Backtrace: require_once() # line    4, file: $s\nrequire_once() # line    2, file: $s\nrequire_once() # line   12, file: $s\nrequire_once() # line  163, file: $s\n

ErrNo: 2
 TEXT: require_once(models/login.php) [<a href='function.require-once'>function.require-once</a>]: failed to open stream: No such file or directory
 LOCATION: C:\wamp\www\cms\index.php
 LINE: 169 atJuly 20, 2013, 10:13:pm Showing Backtrace: require_once() # line  169, file: $s\n

ErrNo: 8
 TEXT: Undefined variable: value
 LOCATION: C:\wamp\www\cms\models\action.php
 LINE: 14 atJuly 20, 2013, 10:26:pm Showing Backtrace: require_once() # line  164, file: $s\n

ErrNo: 8
 TEXT: Undefined variable: value
 LOCATION: C:\wamp\www\cms\models\action.php
 LINE: 14 atJuly 20, 2013, 10:27:pm Showing Backtrace: require_once() # line  164, file: $s\n

ErrNo: 2
 TEXT: mysql_fetch_array() expects parameter 1 to be resource, boolean given
 LOCATION: C:\wamp\www\cms\actions\edit.php
 LINE: 481 atJuly 20, 2013, 10:43:pm Showing Backtrace: mysql_fetch_array() # line  481, file: $s\nrequire_once() # line   54, file: $s\nrequire_once() # line  164, file: $s\n

ErrNo: 2
 TEXT: mysql_fetch_array() expects parameter 1 to be resource, boolean given
 LOCATION: C:\wamp\www\cms\actions\edit.php
 LINE: 481 atJuly 20, 2013, 10:44:pm Showing Backtrace: mysql_fetch_array() # line  481, file: $s\nrequire_once() # line   54, file: $s\nrequire_once() # line  164, file: $s\n

ErrNo: 256
 TEXT: SQLSTATE[42000]: Syntax error or access violation: 1110 Column 'modified_by' specified twice
 LOCATION: C:\wamp\www\cms\business\Database_handler.class.php
 LINE: 43 atJuly 21, 2013, 8:40:am Showing Backtrace: trigger_error() # line   43, file: $s\nDatabaseHandler.Execute() # line  548, file: $s\nrequire_once() # line   45, file: $s\nrequire_once() # line  164, file: $s\n

ErrNo: 2
 TEXT: rmdir(../temp/ghgdash) [<a href='function.rmdir'>function.rmdir</a>]: No such file or directory
 LOCATION: C:\xampp\htdocs\cms\business\DirCreator.class.php
 LINE: 100 atJuly 21, 2013, 10:57:pm Showing Backtrace: rmdir() # line  100, file: $s\nDirCreator.removeDir() # line   18, file: $s\nrequire_once() # line   60, file: $s\nrequire_once() # line  169, file: $s\n

ErrNo: 2
 TEXT: require_once(../../send.php) [<a href='function.require-once'>function.require-once</a>]: failed to open stream: No such file or directory
 LOCATION: C:\xampp\htdocs\cms\models\action.php
 LINE: 69 atJuly 22, 2013, 1:10:am Showing Backtrace: require_once() # line   69, file: $s\nrequire_once() # line  169, file: $s\n

ErrNo: 2
 TEXT: require_once(actions/send.php) [<a href='function.require-once'>function.require-once</a>]: failed to open stream: No such file or directory
 LOCATION: C:\xampp\htdocs\cms\models\action.php
 LINE: 69 atJuly 22, 2013, 1:11:am Showing Backtrace: require_once() # line   69, file: $s\nrequire_once() # line  169, file: $s\n

ErrNo: 2
 TEXT: require_once(../config/constants.php) [<a href='function.require-once'>function.require-once</a>]: failed to open stream: No such file or directory
 LOCATION: C:\xampp\htdocs\cms\actions\send.php
 LINE: 1 atJuly 22, 2013, 1:12:am Showing Backtrace: require_once() # line    1, file: $s\nrequire_once() # line   69, file: $s\nrequire_once() # line  169, file: $s\n

ErrNo: 2
 TEXT: require_once(../config/constants.php) [<a href='function.require-once'>function.require-once</a>]: failed to open stream: No such file or directory
 LOCATION: C:\xampp\htdocs\cms\actions\send.php
 LINE: 1 atJuly 22, 2013, 1:12:am Showing Backtrace: require_once() # line    1, file: $s\nrequire_once() # line   69, file: $s\nrequire_once() # line  169, file: $s\n

ErrNo: 256
 TEXT: SQLSTATE[42S22]: Column not found: 1054 Unknown column 'image' in 'field list'
 LOCATION: C:\xampp\htdocs\cms\business\Database_handler.class.php
 LINE: 43 atJuly 23, 2013, 1:33:am Showing Backtrace: trigger_error() # line   43, file: $s\nDatabaseHandler.Execute() # line  146, file: $s\nrequire_once() # line   48, file: $s\nrequire_once() # line  171, file: $s\n

ErrNo: 256
 TEXT: SQLSTATE[42S22]: Column not found: 1054 Unknown column 'image' in 'field list'
 LOCATION: C:\xampp\htdocs\cms\business\Database_handler.class.php
 LINE: 43 atJuly 23, 2013, 1:34:am Showing Backtrace: trigger_error() # line   43, file: $s\nDatabaseHandler.Execute() # line  146, file: $s\nrequire_once() # line   48, file: $s\nrequire_once() # line  171, file: $s\n

ErrNo: 2
 TEXT: rmdir(../Institute/Infrastructure) [<a href='function.rmdir'>function.rmdir</a>]: Directory not empty
 LOCATION: C:\xampp\htdocs\cms\business\DirCreator.class.php
 LINE: 100 atJuly 23, 2013, 2:18:am Showing Backtrace: rmdir() # line  100, file: $s\nDirCreator.removeDir() # line   50, file: $s\nrequire_once() # line   60, file: $s\nrequire_once() # line  171, file: $s\n

ErrNo: 8
 TEXT: Undefined variable: modified_by
 LOCATION: C:\xampp\htdocs\cms\actions\add.php
 LINE: 213 atJuly 23, 2013, 2:28:am Showing Backtrace: require_once() # line   45, file: $s\nrequire_once() # line  171, file: $s\n

ErrNo: 8
 TEXT: Undefined variable: modified_by
 LOCATION: C:\xampp\htdocs\cms\actions\add.php
 LINE: 213 atJuly 23, 2013, 2:29:am Showing Backtrace: require_once() # line   45, file: $s\nrequire_once() # line  171, file: $s\n

ErrNo: 8
 TEXT: Undefined variable: modified_by
 LOCATION: C:\xampp\htdocs\cms\actions\add.php
 LINE: 213 atJuly 23, 2013, 2:29:am Showing Backtrace: require_once() # line   45, file: $s\nrequire_once() # line  171, file: $s\n

ErrNo: 8
 TEXT: Undefined variable: modified_by
 LOCATION: C:\xampp\htdocs\cms\actions\add.php
 LINE: 213 atJuly 23, 2013, 2:29:am Showing Backtrace: require_once() # line   45, file: $s\nrequire_once() # line  171, file: $s\n

ErrNo: 8
 TEXT: Undefined variable: modified_by
 LOCATION: C:\xampp\htdocs\cms\actions\add.php
 LINE: 213 atJuly 23, 2013, 2:30:am Showing Backtrace: require_once() # line   45, file: $s\nrequire_once() # line  171, file: $s\n

ErrNo: 8
 TEXT: Undefined variable: modified_by
 LOCATION: C:\xampp\htdocs\cms\actions\add.php
 LINE: 213 atJuly 23, 2013, 2:30:am Showing Backtrace: require_once() # line   45, file: $s\nrequire_once() # line  171, file: $s\n

ErrNo: 8
 TEXT: Undefined variable: modified_by
 LOCATION: C:\xampp\htdocs\cms\actions\add.php
 LINE: 213 atJuly 23, 2013, 2:32:am Showing Backtrace: require_once() # line   45, file: $s\nrequire_once() # line  171, file: $s\n

ErrNo: 8
 TEXT: Undefined variable: modified_by
 LOCATION: C:\xampp\htdocs\cms\actions\add.php
 LINE: 213 atJuly 23, 2013, 2:37:am Showing Backtrace: require_once() # line   45, file: $s\nrequire_once() # line  171, file: $s\n

ErrNo: 8
 TEXT: Undefined variable: modified_by
 LOCATION: C:\xampp\htdocs\cms\actions\add.php
 LINE: 213 atJuly 23, 2013, 2:38:am Showing Backtrace: require_once() # line   45, file: $s\nrequire_once() # line  171, file: $s\n

ErrNo: 8
 TEXT: Undefined variable: modified_by
 LOCATION: C:\xampp\htdocs\cms\actions\add.php
 LINE: 213 atJuly 23, 2013, 2:38:am Showing Backtrace: require_once() # line   45, file: $s\nrequire_once() # line  171, file: $s\n

ErrNo: 8
 TEXT: Undefined variable: modified_by
 LOCATION: C:\xampp\htdocs\cms\actions\add.php
 LINE: 213 atJuly 23, 2013, 2:38:am Showing Backtrace: require_once() # line   45, file: $s\nrequire_once() # line  171, file: $s\n

ErrNo: 8
 TEXT: Undefined variable: modified_by
 LOCATION: C:\xampp\htdocs\cms\actions\add.php
 LINE: 213 atJuly 23, 2013, 2:38:am Showing Backtrace: require_once() # line   45, file: $s\nrequire_once() # line  171, file: $s\n

ErrNo: 8
 TEXT: Undefined variable: modified_by
 LOCATION: C:\xampp\htdocs\cms\actions\add.php
 LINE: 213 atJuly 23, 2013, 2:39:am Showing Backtrace: require_once() # line   45, file: $s\nrequire_once() # line  171, file: $s\n

ErrNo: 256
 TEXT: SQLSTATE[42S22]: Column not found: 1054 Unknown column 'icon' in 'field list'
 LOCATION: C:\xampp\htdocs\cms\business\Database_handler.class.php
 LINE: 43 atJuly 23, 2013, 2:40:am Showing Backtrace: trigger_error() # line   43, file: $s\nDatabaseHandler.Execute() # line  105, file: $s\nrequire_once() # line   48, file: $s\nrequire_once() # line  171, file: $s\n

ErrNo: 8
 TEXT: Undefined variable: modified_by
 LOCATION: C:\xampp\htdocs\cms\actions\add.php
 LINE: 213 atJuly 23, 2013, 2:45:am Showing Backtrace: require_once() # line   45, file: $s\nrequire_once() # line  171, file: $s\n

ErrNo: 8
 TEXT: Undefined variable: modified_by
 LOCATION: C:\xampp\htdocs\cms\actions\add.php
 LINE: 213 atJuly 23, 2013, 2:45:am Showing Backtrace: require_once() # line   45, file: $s\nrequire_once() # line  171, file: $s\n

ErrNo: 8
 TEXT: Undefined variable: modified_by
 LOCATION: C:\xampp\htdocs\cms\actions\add.php
 LINE: 213 atJuly 23, 2013, 2:46:am Showing Backtrace: require_once() # line   45, file: $s\nrequire_once() # line  171, file: $s\n

ErrNo: 8
 TEXT: Undefined variable: modified_by
 LOCATION: C:\xampp\htdocs\cms\actions\add.php
 LINE: 213 atJuly 23, 2013, 2:46:am Showing Backtrace: require_once() # line   45, file: $s\nrequire_once() # line  171, file: $s\n

ErrNo: 8
 TEXT: Undefined variable: modified_by
 LOCATION: C:\xampp\htdocs\cms\actions\add.php
 LINE: 213 atJuly 23, 2013, 2:47:am Showing Backtrace: require_once() # line   45, file: $s\nrequire_once() # line  171, file: $s\n

ErrNo: 8
 TEXT: Undefined variable: modified_by
 LOCATION: C:\xampp\htdocs\cms\actions\add.php
 LINE: 213 atJuly 23, 2013, 2:47:am Showing Backtrace: require_once() # line   45, file: $s\nrequire_once() # line  171, file: $s\n

ErrNo: 256
 TEXT: SQLSTATE[42S22]: Column not found: 1054 Unknown column 'image' in 'field list'
 LOCATION: C:\xampp\htdocs\cms\business\Database_handler.class.php
 LINE: 43 atJuly 23, 2013, 7:01:pm Showing Backtrace: trigger_error() # line   43, file: $s\nDatabaseHandler.Execute() # line  146, file: $s\nrequire_once() # line   48, file: $s\nrequire_once() # line  171, file: $s\n

ErrNo: 256
 TEXT: SQLSTATE[42S22]: Column not found: 1054 Unknown column 'image' in 'field list'
 LOCATION: C:\xampp\htdocs\cms\business\Database_handler.class.php
 LINE: 43 atJuly 23, 2013, 7:02:pm Showing Backtrace: trigger_error() # line   43, file: $s\nDatabaseHandler.Execute() # line  146, file: $s\nrequire_once() # line   48, file: $s\nrequire_once() # line  171, file: $s\n

ErrNo: 256
 TEXT: SQLSTATE[42S22]: Column not found: 1054 Unknown column 'image' in 'field list'
 LOCATION: C:\xampp\htdocs\cms\business\Database_handler.class.php
 LINE: 43 atJuly 23, 2013, 7:03:pm Showing Backtrace: trigger_error() # line   43, file: $s\nDatabaseHandler.Execute() # line  146, file: $s\nrequire_once() # line   48, file: $s\nrequire_once() # line  171, file: $s\n

ErrNo: 256
 TEXT: SQLSTATE[42S22]: Column not found: 1054 Unknown column 'icon' in 'field list'
 LOCATION: C:\xampp\htdocs\cms\business\Database_handler.class.php
 LINE: 43 atJuly 23, 2013, 7:07:pm Showing Backtrace: trigger_error() # line   43, file: $s\nDatabaseHandler.Execute() # line  105, file: $s\nrequire_once() # line   48, file: $s\nrequire_once() # line  171, file: $s\n

ErrNo: 2
 TEXT: mkdir() [<a href='function.mkdir'>function.mkdir</a>]: Permission denied
 LOCATION: C:\xampp\htdocs\cms\business\DirCreator.class.php
 LINE: 75 atJuly 23, 2013, 7:59:pm Showing Backtrace: mkdir() # line   75, file: $s\nDirCreator.copyDir() # line   51, file: $s\nrequire_once() # line   60, file: $s\nrequire_once() # line  171, file: $s\n

ErrNo: 2
 TEXT: rmdir(../instititue/infrastructure) [<a href='function.rmdir'>function.rmdir</a>]: Directory not empty
 LOCATION: C:\xampp\htdocs\cms\business\DirCreator.class.php
 LINE: 100 atJuly 23, 2013, 8:13:pm Showing Backtrace: rmdir() # line  100, file: $s\nDirCreator.removeDir() # line   50, file: $s\nrequire_once() # line   60, file: $s\nrequire_once() # line  171, file: $s\n

ErrNo: 2
 TEXT: mkdir() [<a href='function.mkdir'>function.mkdir</a>]: File exists
 LOCATION: C:\xampp\htdocs\cms\business\DirCreator.class.php
 LINE: 75 atJuly 24, 2013, 12:02:am Showing Backtrace: mkdir() # line   75, file: $s\nDirCreator.copyDir() # line   59, file: $s\nrequire_once() # line   48, file: $s\nrequire_once() # line  171, file: $s\n

ErrNo: 2
 TEXT: mkdir() [<a href='function.mkdir'>function.mkdir</a>]: File exists
 LOCATION: C:\xampp\htdocs\cms\business\DirCreator.class.php
 LINE: 75 atJuly 24, 2013, 12:02:am Showing Backtrace: mkdir() # line   75, file: $s\nDirCreator.copyDir() # line   59, file: $s\nrequire_once() # line   48, file: $s\nrequire_once() # line  171, file: $s\n
